// Jest Snapshot v1, https://goo.gl/fbAQLP

exports[`renders homepage unchanged 1`] = `
<div>
  <div>
    <div>
      <form>
        <input
          type="text"
        />
        <button>
          Search
        </button>
        <p>
          lorem
        </p>
      </form>
    </div>
    <div>
      <ul>
        <li>
          Escreva o nome do seu pokemon
        </li>
      </ul>
    </div>
  </div>
</div>
`;
