// Jest Snapshot v1, https://goo.gl/fbAQLP

exports[`renders homepage unchanged 1`] = `
<div>
  <div
    class="styles__Container-sc-1n5v01k-0 eLIhEp"
  >
    <div>
      <h1>
        Pokedex
      </h1>
    </div>
    <div>
      <form>
        <input
          placeholder="Digite o nome do pokemon"
          type="text"
          value=""
        />
        <button>
          Search
        </button>
      </form>
    </div>
    <div>
      <ul>
        <li>
          Escreva o nome do seu pokemon
        </li>
      </ul>
    </div>
  </div>
</div>
`;
